// Jest Snapshot v1, https://goo.gl/fbAQLP

exports[`Constants SUPERHEROES should match snapshot 1`] = `
Array [
  "Batman",
  "superman",
  "deadpool",
  "wolverine",
]
`;

exports[`Constants print style checking component css style  1`] = `"font-size:10px;"`;

exports[`snapshots Index should match snapshot 1`] = `
<Fragment>
  <div>
    <h2>
      My Savings
    </h2>
  </div>
  <button
    id="test-increment"
    onClick={[Function]}
  >
     
    increment
  </button>
  <div
    id="counter"
  >
    3
  </div>
  <div>
    <div>
      <div>
        <div>
          <CheckingAccount
            checkingAmount={3850}
            sentToSaving={[Function]}
          />
        </div>
        <div>
          <SavingAccount
            savingAmount={9820}
            sentToChecking={[Function]}
          />
        </div>
      </div>
    </div>
  </div>
  <div
    style={
      Object {
        "border": "1px solid black",
        "color": "#0f0",
        "fontSize": "30px",
      }
    }
  >
    felipe
  </div>
</Fragment>
`;
